#-----------------------------------------------------------
# Vivado v2015.2 (64-bit)
# SW Build 1266856 on Fri Jun 26 16:35:25 MDT 2015
# IP Build 1264090 on Wed Jun 24 14:22:01 MDT 2015
# Start of session at: Tue Nov 05 20:51:18 2019
# Process ID: 19428
# Log file: C:/Users/MinLee621/Desktop/exp1/Exp1-1-andgate/vivado.log
# Journal file: C:/Users/MinLee621/Desktop/exp1/Exp1-1-andgate\vivado.jou
#-----------------------------------------------------------
start_gui
open_project C:/Users/MinLee621/Desktop/exp1/Exp1-1-andgate/Exp1-1-andgate.xpr
remove_files C:/Users/MinLee621/Desktop/exp1/Exp1-1-andgate/Exp1-1-andgate.srcs/component.xml
ipx::package_project -root_dir C:/Users/MinLee621/Desktop/exp1/Exp1-1-andgate/Exp1-1-andgate.srcs -vendor xilinx.com -library user -taxonomy /UserIP -force
set_property core_revision 2 [ipx::current_core]
ipx::create_xgui_files [ipx::current_core]
ipx::update_checksums [ipx::current_core]
ipx::save_core [ipx::current_core]
update_ip_catalog -rebuild -repo_path c:/Users/MinLee621/Desktop/exp1/Exp1-1-andgate/Exp1-1-andgate.srcs
ipx::check_integrity -quiet [ipx::current_core]
ipx::archive_core {C:\Users\MinLee621\Desktop\exp1\Exp1-1-andgate\Exp1-1-andgate.srcs\xilinx.com_user_andgate_1.0.zip} [ipx::current_core]
ipx::unload_core component_1
