#-----------------------------------------------------------
# Vivado v2015.2 (64-bit)
# SW Build 1266856 on Fri Jun 26 16:35:25 MDT 2015
# IP Build 1264090 on Wed Jun 24 14:22:01 MDT 2015
# Start of session at: Mon Nov 04 12:34:12 2019
# Process ID: 6092
# Log file: D:/StudyAndWork/VIVADO/VIVADO/Exp/Exp1-1-ornotgate/vivado.log
# Journal file: D:/StudyAndWork/VIVADO/VIVADO/Exp/Exp1-1-ornotgate\vivado.jou
#-----------------------------------------------------------
start_gui
open_project D:/StudyAndWork/VIVADO/VIVADO/Exp/Exp1-1-ornotgate/Exp1-1-ornotgate.xpr
ipx::package_project -root_dir D:/StudyAndWork/VIVADO/VIVADO/Exp/Exp1-1-ornotgate/Exp1-1-ornotgate.srcs -vendor xilinx.com -library user -taxonomy /UserIP
set_property core_revision 2 [ipx::current_core]
ipx::create_xgui_files [ipx::current_core]
ipx::update_checksums [ipx::current_core]
ipx::save_core [ipx::current_core]
set_property  ip_repo_paths  d:/StudyAndWork/VIVADO/VIVADO/Exp/Exp1-1-ornotgate/Exp1-1-ornotgate.srcs [current_project]
update_ip_catalog
ipx::check_integrity -quiet [ipx::current_core]
ipx::archive_core {D:\StudyAndWork\VIVADO\VIVADO\Exp\Exp1-1-ornotgate\Exp1-1-ornotgate.srcs\xilinx.com_user_ornotgate_1.0.zip} [ipx::current_core]
ipx::unload_core component_1
